Archive member included to satisfy reference by file (symbol)

e:/prog_files/atmel/studio/7.0/toolchain/avr8/avr8-gnu-toolchain/bin/../lib/gcc/avr/4.9.2/../../../../avr/lib/avr5\libm.a(divsf3.o)
                              timers.o (__divsf3)
e:/prog_files/atmel/studio/7.0/toolchain/avr8/avr8-gnu-toolchain/bin/../lib/gcc/avr/4.9.2/../../../../avr/lib/avr5\libm.a(divsf3x.o)
                              e:/prog_files/atmel/studio/7.0/toolchain/avr8/avr8-gnu-toolchain/bin/../lib/gcc/avr/4.9.2/../../../../avr/lib/avr5\libm.a(divsf3.o) (__divsf3x)
e:/prog_files/atmel/studio/7.0/toolchain/avr8/avr8-gnu-toolchain/bin/../lib/gcc/avr/4.9.2/../../../../avr/lib/avr5\libm.a(fixunssfsi.o)
                              timers.o (__fixunssfsi)
e:/prog_files/atmel/studio/7.0/toolchain/avr8/avr8-gnu-toolchain/bin/../lib/gcc/avr/4.9.2/../../../../avr/lib/avr5\libm.a(floatsisf.o)
                              timers.o (__floatunsisf)
e:/prog_files/atmel/studio/7.0/toolchain/avr8/avr8-gnu-toolchain/bin/../lib/gcc/avr/4.9.2/../../../../avr/lib/avr5\libm.a(fp_inf.o)
                              e:/prog_files/atmel/studio/7.0/toolchain/avr8/avr8-gnu-toolchain/bin/../lib/gcc/avr/4.9.2/../../../../avr/lib/avr5\libm.a(divsf3x.o) (__fp_inf)
e:/prog_files/atmel/studio/7.0/toolchain/avr8/avr8-gnu-toolchain/bin/../lib/gcc/avr/4.9.2/../../../../avr/lib/avr5\libm.a(fp_nan.o)
                              e:/prog_files/atmel/studio/7.0/toolchain/avr8/avr8-gnu-toolchain/bin/../lib/gcc/avr/4.9.2/../../../../avr/lib/avr5\libm.a(divsf3x.o) (__fp_nan)
e:/prog_files/atmel/studio/7.0/toolchain/avr8/avr8-gnu-toolchain/bin/../lib/gcc/avr/4.9.2/../../../../avr/lib/avr5\libm.a(fp_pscA.o)
                              e:/prog_files/atmel/studio/7.0/toolchain/avr8/avr8-gnu-toolchain/bin/../lib/gcc/avr/4.9.2/../../../../avr/lib/avr5\libm.a(divsf3x.o) (__fp_pscA)
e:/prog_files/atmel/studio/7.0/toolchain/avr8/avr8-gnu-toolchain/bin/../lib/gcc/avr/4.9.2/../../../../avr/lib/avr5\libm.a(fp_pscB.o)
                              e:/prog_files/atmel/studio/7.0/toolchain/avr8/avr8-gnu-toolchain/bin/../lib/gcc/avr/4.9.2/../../../../avr/lib/avr5\libm.a(divsf3x.o) (__fp_pscB)
e:/prog_files/atmel/studio/7.0/toolchain/avr8/avr8-gnu-toolchain/bin/../lib/gcc/avr/4.9.2/../../../../avr/lib/avr5\libm.a(fp_round.o)
                              e:/prog_files/atmel/studio/7.0/toolchain/avr8/avr8-gnu-toolchain/bin/../lib/gcc/avr/4.9.2/../../../../avr/lib/avr5\libm.a(divsf3.o) (__fp_round)
e:/prog_files/atmel/studio/7.0/toolchain/avr8/avr8-gnu-toolchain/bin/../lib/gcc/avr/4.9.2/../../../../avr/lib/avr5\libm.a(fp_split3.o)
                              e:/prog_files/atmel/studio/7.0/toolchain/avr8/avr8-gnu-toolchain/bin/../lib/gcc/avr/4.9.2/../../../../avr/lib/avr5\libm.a(divsf3x.o) (__fp_split3)
e:/prog_files/atmel/studio/7.0/toolchain/avr8/avr8-gnu-toolchain/bin/../lib/gcc/avr/4.9.2/../../../../avr/lib/avr5\libm.a(fp_zero.o)
                              e:/prog_files/atmel/studio/7.0/toolchain/avr8/avr8-gnu-toolchain/bin/../lib/gcc/avr/4.9.2/../../../../avr/lib/avr5\libm.a(fixunssfsi.o) (__fp_zero)
e:/prog_files/atmel/studio/7.0/toolchain/avr8/avr8-gnu-toolchain/bin/../lib/gcc/avr/4.9.2/../../../../avr/lib/avr5\libm.a(mulsf3.o)
                              timers.o (__mulsf3)
e:/prog_files/atmel/studio/7.0/toolchain/avr8/avr8-gnu-toolchain/bin/../lib/gcc/avr/4.9.2/../../../../avr/lib/avr5\libm.a(mulsf3x.o)
                              e:/prog_files/atmel/studio/7.0/toolchain/avr8/avr8-gnu-toolchain/bin/../lib/gcc/avr/4.9.2/../../../../avr/lib/avr5\libm.a(mulsf3.o) (__mulsf3x)
e:/prog_files/atmel/studio/7.0/toolchain/avr8/avr8-gnu-toolchain/bin/../lib/gcc/avr/4.9.2/avr5\libgcc.a(_udivmodsi4.o)
                              UART.o (__udivmodsi4)
e:/prog_files/atmel/studio/7.0/toolchain/avr8/avr8-gnu-toolchain/bin/../lib/gcc/avr/4.9.2/avr5\libgcc.a(_exit.o)
                              E:/Prog_Files/Atmel/Studio/7.0/Packs/atmel/ATmega_DFP/1.0.90/gcc/dev/atmega32/avr5/crtatmega32.o (exit)
e:/prog_files/atmel/studio/7.0/toolchain/avr8/avr8-gnu-toolchain/bin/../lib/gcc/avr/4.9.2/avr5\libgcc.a(_copy_data.o)
                              main.o (__do_copy_data)
e:/prog_files/atmel/studio/7.0/toolchain/avr8/avr8-gnu-toolchain/bin/../lib/gcc/avr/4.9.2/avr5\libgcc.a(_clear_bss.o)
                              main.o (__do_clear_bss)
e:/prog_files/atmel/studio/7.0/toolchain/avr8/avr8-gnu-toolchain/bin/../lib/gcc/avr/4.9.2/../../../../avr/lib/avr5\libc.a(sprintf.o)
                              main.o (sprintf)
e:/prog_files/atmel/studio/7.0/toolchain/avr8/avr8-gnu-toolchain/bin/../lib/gcc/avr/4.9.2/../../../../avr/lib/avr5\libc.a(vfprintf_std.o)
                              e:/prog_files/atmel/studio/7.0/toolchain/avr8/avr8-gnu-toolchain/bin/../lib/gcc/avr/4.9.2/../../../../avr/lib/avr5\libc.a(sprintf.o) (vfprintf)
e:/prog_files/atmel/studio/7.0/toolchain/avr8/avr8-gnu-toolchain/bin/../lib/gcc/avr/4.9.2/../../../../avr/lib/avr5\libc.a(strnlen_P.o)
                              e:/prog_files/atmel/studio/7.0/toolchain/avr8/avr8-gnu-toolchain/bin/../lib/gcc/avr/4.9.2/../../../../avr/lib/avr5\libc.a(vfprintf_std.o) (strnlen_P)
e:/prog_files/atmel/studio/7.0/toolchain/avr8/avr8-gnu-toolchain/bin/../lib/gcc/avr/4.9.2/../../../../avr/lib/avr5\libc.a(strnlen.o)
                              e:/prog_files/atmel/studio/7.0/toolchain/avr8/avr8-gnu-toolchain/bin/../lib/gcc/avr/4.9.2/../../../../avr/lib/avr5\libc.a(vfprintf_std.o) (strnlen)
e:/prog_files/atmel/studio/7.0/toolchain/avr8/avr8-gnu-toolchain/bin/../lib/gcc/avr/4.9.2/../../../../avr/lib/avr5\libc.a(fputc.o)
                              e:/prog_files/atmel/studio/7.0/toolchain/avr8/avr8-gnu-toolchain/bin/../lib/gcc/avr/4.9.2/../../../../avr/lib/avr5\libc.a(vfprintf_std.o) (fputc)
e:/prog_files/atmel/studio/7.0/toolchain/avr8/avr8-gnu-toolchain/bin/../lib/gcc/avr/4.9.2/../../../../avr/lib/avr5\libc.a(ultoa_invert.o)
                              e:/prog_files/atmel/studio/7.0/toolchain/avr8/avr8-gnu-toolchain/bin/../lib/gcc/avr/4.9.2/../../../../avr/lib/avr5\libc.a(vfprintf_std.o) (__ultoa_invert)
e:/prog_files/atmel/studio/7.0/toolchain/avr8/avr8-gnu-toolchain/bin/../lib/gcc/avr/4.9.2/avr5\libgcc.a(_prologue.o)
                              e:/prog_files/atmel/studio/7.0/toolchain/avr8/avr8-gnu-toolchain/bin/../lib/gcc/avr/4.9.2/../../../../avr/lib/avr5\libc.a(sprintf.o) (__prologue_saves__)
e:/prog_files/atmel/studio/7.0/toolchain/avr8/avr8-gnu-toolchain/bin/../lib/gcc/avr/4.9.2/avr5\libgcc.a(_epilogue.o)
                              e:/prog_files/atmel/studio/7.0/toolchain/avr8/avr8-gnu-toolchain/bin/../lib/gcc/avr/4.9.2/../../../../avr/lib/avr5\libc.a(sprintf.o) (__epilogue_restores__)

Discarded input sections

 .data          0x00000000        0x0 E:/Prog_Files/Atmel/Studio/7.0/Packs/atmel/ATmega_DFP/1.0.90/gcc/dev/atmega32/avr5/crtatmega32.o
 .bss           0x00000000        0x0 E:/Prog_Files/Atmel/Studio/7.0/Packs/atmel/ATmega_DFP/1.0.90/gcc/dev/atmega32/avr5/crtatmega32.o
 .text          0x00000000        0x0 gpio.o
 .data          0x00000000        0x0 gpio.o
 .bss           0x00000000        0x0 gpio.o
 .text.gpioPortDirection
                0x00000000       0x20 gpio.o
 .text.gpioPortWrite
                0x00000000       0x20 gpio.o
 .text.gpioPortToggle
                0x00000000       0x30 gpio.o
 .text.gpioPortRead
                0x00000000       0x24 gpio.o
 .text.gpioPinWrite
                0x00000000       0x70 gpio.o
 .text          0x00000000        0x0 led.o
 .data          0x00000000        0x0 led.o
 .bss           0x00000000        0x0 led.o
 .text.Led_Init
                0x00000000       0x40 led.o
 .text.Led_On   0x00000000       0x40 led.o
 .text.Led_Off  0x00000000       0x40 led.o
 .text.Led_Toggle
                0x00000000       0x38 led.o
 .debug_info    0x00000000      0x395 led.o
 .debug_abbrev  0x00000000       0xc9 led.o
 .debug_loc     0x00000000      0x1b0 led.o
 .debug_aranges
                0x00000000       0x38 led.o
 .debug_ranges  0x00000000       0x28 led.o
 .debug_line    0x00000000       0xa7 led.o
 .debug_str     0x00000000      0x22c led.o
 .comment       0x00000000       0x31 led.o
 .debug_frame   0x00000000       0x54 led.o
 .text          0x00000000        0x0 main.o
 .data          0x00000000        0x0 main.o
 .bss           0x00000000        0x0 main.o
 .text          0x00000000        0x0 pushButton.o
 .data          0x00000000        0x0 pushButton.o
 .bss           0x00000000        0x0 pushButton.o
 .text          0x00000000        0x0 sevenSeg.o
 .data          0x00000000        0x0 sevenSeg.o
 .bss           0x00000000        0x0 sevenSeg.o
 .text.sevenSegInit
                0x00000000       0x32 sevenSeg.o
 .text.sevenSegEnable
                0x00000000       0x22 sevenSeg.o
 .text.sevenSegDisable
                0x00000000       0x22 sevenSeg.o
 .text.sevenSegWrite
                0x00000000       0x2e sevenSeg.o
 .debug_info    0x00000000      0x2fa sevenSeg.o
 .debug_abbrev  0x00000000       0xe3 sevenSeg.o
 .debug_loc     0x00000000      0x136 sevenSeg.o
 .debug_aranges
                0x00000000       0x38 sevenSeg.o
 .debug_ranges  0x00000000       0x28 sevenSeg.o
 .debug_line    0x00000000       0xa4 sevenSeg.o
 .debug_str     0x00000000      0x258 sevenSeg.o
 .comment       0x00000000       0x31 sevenSeg.o
 .debug_frame   0x00000000       0x5c sevenSeg.o
 .text          0x00000000        0x0 softwareDelay.o
 .data          0x00000000        0x0 softwareDelay.o
 .bss           0x00000000        0x0 softwareDelay.o
 .text          0x00000000        0x0 SPI.o
 .data          0x00000000        0x0 SPI.o
 .bss           0x00000000        0x0 SPI.o
 .text.SPI_Write
                0x00000000        0x8 SPI.o
 .text          0x00000000        0x0 timers.o
 .data          0x00000000        0x0 timers.o
 .bss           0x00000000        0x0 timers.o
 .text.timer0Init
                0x00000000       0x24 timers.o
 .text.timer0Set
                0x00000000        0x4 timers.o
 .text.timer0Read
                0x00000000        0x4 timers.o
 .text.timer0Start
                0x00000000        0xc timers.o
 .text.timer0Stop
                0x00000000        0x4 timers.o
 .text.timer0DelayMs
                0x00000000       0x3c timers.o
 .text.timer0DelayUs
                0x00000000       0x54 timers.o
 .text.timer0SwPWM
                0x00000000       0xbc timers.o
 .text.timer1Read
                0x00000000        0x6 timers.o
 .text.timer1DelayMs
                0x00000000       0x60 timers.o
 .text.timer1DelayUs
                0x00000000       0x78 timers.o
 .text.timer1SwPWM
                0x00000000       0xbc timers.o
 .text.timer2Init
                0x00000000       0x24 timers.o
 .text.timer2Set
                0x00000000        0x4 timers.o
 .text.timer2Read
                0x00000000        0x4 timers.o
 .text.timer2Start
                0x00000000        0xc timers.o
 .text.timer2Stop
                0x00000000        0x4 timers.o
 .text.timer2DelayMs
                0x00000000       0x42 timers.o
 .text.timer2DelayUs
                0x00000000       0x5a timers.o
 .text.timer2SwPWM
                0x00000000       0xbc timers.o
 .text.timer2SoftPWM_start
                0x00000000       0x52 timers.o
 .text.timer2SoftPWM_stop
                0x00000000        0x8 timers.o
 .bss.gen_SoftPWM_State
                0x00000000        0x1 timers.o
 .bss.gen_SoftPWM_DC
                0x00000000        0x2 timers.o
 .bss.gen_SoftPWM_Pin
                0x00000000        0x2 timers.o
 .bss.gen_SoftPWM_Port
                0x00000000        0x2 timers.o
 .bss.gen_TMR2PS
                0x00000000        0x1 timers.o
 .bss.gen_TMR0PS
                0x00000000        0x1 timers.o
 .text          0x00000000        0x0 UART.o
 .data          0x00000000        0x0 UART.o
 .bss           0x00000000        0x0 UART.o
 .text          0x00000000        0x0 e:/prog_files/atmel/studio/7.0/toolchain/avr8/avr8-gnu-toolchain/bin/../lib/gcc/avr/4.9.2/../../../../avr/lib/avr5\libm.a(divsf3.o)
 .data          0x00000000        0x0 e:/prog_files/atmel/studio/7.0/toolchain/avr8/avr8-gnu-toolchain/bin/../lib/gcc/avr/4.9.2/../../../../avr/lib/avr5\libm.a(divsf3.o)
 .bss           0x00000000        0x0 e:/prog_files/atmel/studio/7.0/toolchain/avr8/avr8-gnu-toolchain/bin/../lib/gcc/avr/4.9.2/../../../../avr/lib/avr5\libm.a(divsf3.o)
 .text.avr-libc.fplib
                0x00000000        0x8 e:/prog_files/atmel/studio/7.0/toolchain/avr8/avr8-gnu-toolchain/bin/../lib/gcc/avr/4.9.2/../../../../avr/lib/avr5\libm.a(divsf3.o)
 .text          0x00000000        0x0 e:/prog_files/atmel/studio/7.0/toolchain/avr8/avr8-gnu-toolchain/bin/../lib/gcc/avr/4.9.2/../../../../avr/lib/avr5\libm.a(divsf3x.o)
 .data          0x00000000        0x0 e:/prog_files/atmel/studio/7.0/toolchain/avr8/avr8-gnu-toolchain/bin/../lib/gcc/avr/4.9.2/../../../../avr/lib/avr5\libm.a(divsf3x.o)
 .bss           0x00000000        0x0 e:/prog_files/atmel/studio/7.0/toolchain/avr8/avr8-gnu-toolchain/bin/../lib/gcc/avr/4.9.2/../../../../avr/lib/avr5\libm.a(divsf3x.o)
 .text.avr-libc.fplib
                0x00000000       0xdc e:/prog_files/atmel/studio/7.0/toolchain/avr8/avr8-gnu-toolchain/bin/../lib/gcc/avr/4.9.2/../../../../avr/lib/avr5\libm.a(divsf3x.o)
 .text          0x00000000        0x0 e:/prog_files/atmel/studio/7.0/toolchain/avr8/avr8-gnu-toolchain/bin/../lib/gcc/avr/4.9.2/../../../../avr/lib/avr5\libm.a(fixunssfsi.o)
 .data          0x00000000        0x0 e:/prog_files/atmel/studio/7.0/toolchain/avr8/avr8-gnu-toolchain/bin/../lib/gcc/avr/4.9.2/../../../../avr/lib/avr5\libm.a(fixunssfsi.o)
 .bss           0x00000000        0x0 e:/prog_files/atmel/studio/7.0/toolchain/avr8/avr8-gnu-toolchain/bin/../lib/gcc/avr/4.9.2/../../../../avr/lib/avr5\libm.a(fixunssfsi.o)
 .text.avr-libc.fplib
                0x00000000       0x5e e:/prog_files/atmel/studio/7.0/toolchain/avr8/avr8-gnu-toolchain/bin/../lib/gcc/avr/4.9.2/../../../../avr/lib/avr5\libm.a(fixunssfsi.o)
 .text          0x00000000        0x0 e:/prog_files/atmel/studio/7.0/toolchain/avr8/avr8-gnu-toolchain/bin/../lib/gcc/avr/4.9.2/../../../../avr/lib/avr5\libm.a(floatsisf.o)
 .data          0x00000000        0x0 e:/prog_files/atmel/studio/7.0/toolchain/avr8/avr8-gnu-toolchain/bin/../lib/gcc/avr/4.9.2/../../../../avr/lib/avr5\libm.a(floatsisf.o)
 .bss           0x00000000        0x0 e:/prog_files/atmel/studio/7.0/toolchain/avr8/avr8-gnu-toolchain/bin/../lib/gcc/avr/4.9.2/../../../../avr/lib/avr5\libm.a(floatsisf.o)
 .text.avr-libc.fplib
                0x00000000       0x7a e:/prog_files/atmel/studio/7.0/toolchain/avr8/avr8-gnu-toolchain/bin/../lib/gcc/avr/4.9.2/../../../../avr/lib/avr5\libm.a(floatsisf.o)
 .text          0x00000000        0x0 e:/prog_files/atmel/studio/7.0/toolchain/avr8/avr8-gnu-toolchain/bin/../lib/gcc/avr/4.9.2/../../../../avr/lib/avr5\libm.a(fp_inf.o)
 .data          0x00000000        0x0 e:/prog_files/atmel/studio/7.0/toolchain/avr8/avr8-gnu-toolchain/bin/../lib/gcc/avr/4.9.2/../../../../avr/lib/avr5\libm.a(fp_inf.o)
 .bss           0x00000000        0x0 e:/prog_files/atmel/studio/7.0/toolchain/avr8/avr8-gnu-toolchain/bin/../lib/gcc/avr/4.9.2/../../../../avr/lib/avr5\libm.a(fp_inf.o)
 .text.avr-libc.fplib
                0x00000000        0xc e:/prog_files/atmel/studio/7.0/toolchain/avr8/avr8-gnu-toolchain/bin/../lib/gcc/avr/4.9.2/../../../../avr/lib/avr5\libm.a(fp_inf.o)
 .text          0x00000000        0x0 e:/prog_files/atmel/studio/7.0/toolchain/avr8/avr8-gnu-toolchain/bin/../lib/gcc/avr/4.9.2/../../../../avr/lib/avr5\libm.a(fp_nan.o)
 .data          0x00000000        0x0 e:/prog_files/atmel/studio/7.0/toolchain/avr8/avr8-gnu-toolchain/bin/../lib/gcc/avr/4.9.2/../../../../avr/lib/avr5\libm.a(fp_nan.o)
 .bss           0x00000000        0x0 e:/prog_files/atmel/studio/7.0/toolchain/avr8/avr8-gnu-toolchain/bin/../lib/gcc/avr/4.9.2/../../../../avr/lib/avr5\libm.a(fp_nan.o)
 .text.avr-libc.fplib
                0x00000000        0x6 e:/prog_files/atmel/studio/7.0/toolchain/avr8/avr8-gnu-toolchain/bin/../lib/gcc/avr/4.9.2/../../../../avr/lib/avr5\libm.a(fp_nan.o)
 .text          0x00000000        0x0 e:/prog_files/atmel/studio/7.0/toolchain/avr8/avr8-gnu-toolchain/bin/../lib/gcc/avr/4.9.2/../../../../avr/lib/avr5\libm.a(fp_pscA.o)
 .data          0x00000000        0x0 e:/prog_files/atmel/studio/7.0/toolchain/avr8/avr8-gnu-toolchain/bin/../lib/gcc/avr/4.9.2/../../../../avr/lib/avr5\libm.a(fp_pscA.o)
 .bss           0x00000000        0x0 e:/prog_files/atmel/studio/7.0/toolchain/avr8/avr8-gnu-toolchain/bin/../lib/gcc/avr/4.9.2/../../../../avr/lib/avr5\libm.a(fp_pscA.o)
 .text.avr-libc.fplib
                0x00000000        0xe e:/prog_files/atmel/studio/7.0/toolchain/avr8/avr8-gnu-toolchain/bin/../lib/gcc/avr/4.9.2/../../../../avr/lib/avr5\libm.a(fp_pscA.o)
 .text          0x00000000        0x0 e:/prog_files/atmel/studio/7.0/toolchain/avr8/avr8-gnu-toolchain/bin/../lib/gcc/avr/4.9.2/../../../../avr/lib/avr5\libm.a(fp_pscB.o)
 .data          0x00000000        0x0 e:/prog_files/atmel/studio/7.0/toolchain/avr8/avr8-gnu-toolchain/bin/../lib/gcc/avr/4.9.2/../../../../avr/lib/avr5\libm.a(fp_pscB.o)
 .bss           0x00000000        0x0 e:/prog_files/atmel/studio/7.0/toolchain/avr8/avr8-gnu-toolchain/bin/../lib/gcc/avr/4.9.2/../../../../avr/lib/avr5\libm.a(fp_pscB.o)
 .text.avr-libc.fplib
                0x00000000        0xe e:/prog_files/atmel/studio/7.0/toolchain/avr8/avr8-gnu-toolchain/bin/../lib/gcc/avr/4.9.2/../../../../avr/lib/avr5\libm.a(fp_pscB.o)
 .text          0x00000000        0x0 e:/prog_files/atmel/studio/7.0/toolchain/avr8/avr8-gnu-toolchain/bin/../lib/gcc/avr/4.9.2/../../../../avr/lib/avr5\libm.a(fp_round.o)
 .data          0x00000000        0x0 e:/prog_files/atmel/studio/7.0/toolchain/avr8/avr8-gnu-toolchain/bin/../lib/gcc/avr/4.9.2/../../../../avr/lib/avr5\libm.a(fp_round.o)
 .bss           0x00000000        0x0 e:/prog_files/atmel/studio/7.0/toolchain/avr8/avr8-gnu-toolchain/bin/../lib/gcc/avr/4.9.2/../../../../avr/lib/avr5\libm.a(fp_round.o)
 .text.avr-libc.fplib
                0x00000000       0x22 e:/prog_files/atmel/studio/7.0/toolchain/avr8/avr8-gnu-toolchain/bin/../lib/gcc/avr/4.9.2/../../../../avr/lib/avr5\libm.a(fp_round.o)
 .text          0x00000000        0x0 e:/prog_files/atmel/studio/7.0/toolchain/avr8/avr8-gnu-toolchain/bin/../lib/gcc/avr/4.9.2/../../../../avr/lib/avr5\libm.a(fp_split3.o)
 .data          0x00000000        0x0 e:/prog_files/atmel/studio/7.0/toolchain/avr8/avr8-gnu-toolchain/bin/../lib/gcc/avr/4.9.2/../../../../avr/lib/avr5\libm.a(fp_split3.o)
 .bss           0x00000000        0x0 e:/prog_files/atmel/studio/7.0/toolchain/avr8/avr8-gnu-toolchain/bin/../lib/gcc/avr/4.9.2/../../../../avr/lib/avr5\libm.a(fp_split3.o)
 .text.avr-libc.fplib
                0x00000000       0x44 e:/prog_files/atmel/studio/7.0/toolchain/avr8/avr8-gnu-toolchain/bin/../lib/gcc/avr/4.9.2/../../../../avr/lib/avr5\libm.a(fp_split3.o)
 .text          0x00000000        0x0 e:/prog_files/atmel/studio/7.0/toolchain/avr8/avr8-gnu-toolchain/bin/../lib/gcc/avr/4.9.2/../../../../avr/lib/avr5\libm.a(fp_zero.o)
 .data          0x00000000        0x0 e:/prog_files/atmel/studio/7.0/toolchain/avr8/avr8-gnu-toolchain/bin/../lib/gcc/avr/4.9.2/../../../../avr/lib/avr5\libm.a(fp_zero.o)
 .bss           0x00000000        0x0 e:/prog_files/atmel/studio/7.0/toolchain/avr8/avr8-gnu-toolchain/bin/../lib/gcc/avr/4.9.2/../../../../avr/lib/avr5\libm.a(fp_zero.o)
 .text.avr-libc.fplib
                0x00000000        0xe e:/prog_files/atmel/studio/7.0/toolchain/avr8/avr8-gnu-toolchain/bin/../lib/gcc/avr/4.9.2/../../../../avr/lib/avr5\libm.a(fp_zero.o)
 .text          0x00000000        0x0 e:/prog_files/atmel/studio/7.0/toolchain/avr8/avr8-gnu-toolchain/bin/../lib/gcc/avr/4.9.2/../../../../avr/lib/avr5\libm.a(mulsf3.o)
 .data          0x00000000        0x0 e:/prog_files/atmel/studio/7.0/toolchain/avr8/avr8-gnu-toolchain/bin/../lib/gcc/avr/4.9.2/../../../../avr/lib/avr5\libm.a(mulsf3.o)
 .bss           0x00000000        0x0 e:/prog_files/atmel/studio/7.0/toolchain/avr8/avr8-gnu-toolchain/bin/../lib/gcc/avr/4.9.2/../../../../avr/lib/avr5\libm.a(mulsf3.o)
 .text.avr-libc.fplib
                0x00000000        0x8 e:/prog_files/atmel/studio/7.0/toolchain/avr8/avr8-gnu-toolchain/bin/../lib/gcc/avr/4.9.2/../../../../avr/lib/avr5\libm.a(mulsf3.o)
 .text          0x00000000        0x0 e:/prog_files/atmel/studio/7.0/toolchain/avr8/avr8-gnu-toolchain/bin/../lib/gcc/avr/4.9.2/../../../../avr/lib/avr5\libm.a(mulsf3x.o)
 .data          0x00000000        0x0 e:/prog_files/atmel/studio/7.0/toolchain/avr8/avr8-gnu-toolchain/bin/../lib/gcc/avr/4.9.2/../../../../avr/lib/avr5\libm.a(mulsf3x.o)
 .bss           0x00000000        0x0 e:/prog_files/atmel/studio/7.0/toolchain/avr8/avr8-gnu-toolchain/bin/../lib/gcc/avr/4.9.2/../../../../avr/lib/avr5\libm.a(mulsf3x.o)
 .text.avr-libc.fplib
                0x00000000       0xd2 e:/prog_files/atmel/studio/7.0/toolchain/avr8/avr8-gnu-toolchain/bin/../lib/gcc/avr/4.9.2/../../../../avr/lib/avr5\libm.a(mulsf3x.o)
 .text          0x00000000        0x0 e:/prog_files/atmel/studio/7.0/toolchain/avr8/avr8-gnu-toolchain/bin/../lib/gcc/avr/4.9.2/avr5\libgcc.a(_udivmodsi4.o)
 .data          0x00000000        0x0 e:/prog_files/atmel/studio/7.0/toolchain/avr8/avr8-gnu-toolchain/bin/../lib/gcc/avr/4.9.2/avr5\libgcc.a(_udivmodsi4.o)
 .bss           0x00000000        0x0 e:/prog_files/atmel/studio/7.0/toolchain/avr8/avr8-gnu-toolchain/bin/../lib/gcc/avr/4.9.2/avr5\libgcc.a(_udivmodsi4.o)
 .text.libgcc.mul
                0x00000000        0x0 e:/prog_files/atmel/studio/7.0/toolchain/avr8/avr8-gnu-toolchain/bin/../lib/gcc/avr/4.9.2/avr5\libgcc.a(_udivmodsi4.o)
 .text.libgcc   0x00000000        0x0 e:/prog_files/atmel/studio/7.0/toolchain/avr8/avr8-gnu-toolchain/bin/../lib/gcc/avr/4.9.2/avr5\libgcc.a(_udivmodsi4.o)
 .text.libgcc.prologue
                0x00000000        0x0 e:/prog_files/atmel/studio/7.0/toolchain/avr8/avr8-gnu-toolchain/bin/../lib/gcc/avr/4.9.2/avr5\libgcc.a(_udivmodsi4.o)
 .text.libgcc.builtins
                0x00000000        0x0 e:/prog_files/atmel/studio/7.0/toolchain/avr8/avr8-gnu-toolchain/bin/../lib/gcc/avr/4.9.2/avr5\libgcc.a(_udivmodsi4.o)
 .text.libgcc.fmul
                0x00000000        0x0 e:/prog_files/atmel/studio/7.0/toolchain/avr8/avr8-gnu-toolchain/bin/../lib/gcc/avr/4.9.2/avr5\libgcc.a(_udivmodsi4.o)
 .text.libgcc.fixed
                0x00000000        0x0 e:/prog_files/atmel/studio/7.0/toolchain/avr8/avr8-gnu-toolchain/bin/../lib/gcc/avr/4.9.2/avr5\libgcc.a(_udivmodsi4.o)
 .text          0x00000000        0x0 e:/prog_files/atmel/studio/7.0/toolchain/avr8/avr8-gnu-toolchain/bin/../lib/gcc/avr/4.9.2/avr5\libgcc.a(_exit.o)
 .data          0x00000000        0x0 e:/prog_files/atmel/studio/7.0/toolchain/avr8/avr8-gnu-toolchain/bin/../lib/gcc/avr/4.9.2/avr5\libgcc.a(_exit.o)
 .bss           0x00000000        0x0 e:/prog_files/atmel/studio/7.0/toolchain/avr8/avr8-gnu-toolchain/bin/../lib/gcc/avr/4.9.2/avr5\libgcc.a(_exit.o)
 .text.libgcc.mul
                0x00000000        0x0 e:/prog_files/atmel/studio/7.0/toolchain/avr8/avr8-gnu-toolchain/bin/../lib/gcc/avr/4.9.2/avr5\libgcc.a(_exit.o)
 .text.libgcc.div
                0x00000000        0x0 e:/prog_files/atmel/studio/7.0/toolchain/avr8/avr8-gnu-toolchain/bin/../lib/gcc/avr/4.9.2/avr5\libgcc.a(_exit.o)
 .text.libgcc   0x00000000        0x0 e:/prog_files/atmel/studio/7.0/toolchain/avr8/avr8-gnu-toolchain/bin/../lib/gcc/avr/4.9.2/avr5\libgcc.a(_exit.o)
 .text.libgcc.prologue
                0x00000000        0x0 e:/prog_files/atmel/studio/7.0/toolchain/avr8/avr8-gnu-toolchain/bin/../lib/gcc/avr/4.9.2/avr5\libgcc.a(_exit.o)
 .text.libgcc.builtins
                0x00000000        0x0 e:/prog_files/atmel/studio/7.0/toolchain/avr8/avr8-gnu-toolchain/bin/../lib/gcc/avr/4.9.2/avr5\libgcc.a(_exit.o)
 .text.libgcc.fmul
                0x00000000        0x0 e:/prog_files/atmel/studio/7.0/toolchain/avr8/avr8-gnu-toolchain/bin/../lib/gcc/avr/4.9.2/avr5\libgcc.a(_exit.o)
 .text.libgcc.fixed
                0x00000000        0x0 e:/prog_files/atmel/studio/7.0/toolchain/avr8/avr8-gnu-toolchain/bin/../lib/gcc/avr/4.9.2/avr5\libgcc.a(_exit.o)
 .text          0x00000000        0x0 e:/prog_files/atmel/studio/7.0/toolchain/avr8/avr8-gnu-toolchain/bin/../lib/gcc/avr/4.9.2/avr5\libgcc.a(_copy_data.o)
 .data          0x00000000        0x0 e:/prog_files/atmel/studio/7.0/toolchain/avr8/avr8-gnu-toolchain/bin/../lib/gcc/avr/4.9.2/avr5\libgcc.a(_copy_data.o)
 .bss           0x00000000        0x0 e:/prog_files/atmel/studio/7.0/toolchain/avr8/avr8-gnu-toolchain/bin/../lib/gcc/avr/4.9.2/avr5\libgcc.a(_copy_data.o)
 .text.libgcc.mul
                0x00000000        0x0 e:/prog_files/atmel/studio/7.0/toolchain/avr8/avr8-gnu-toolchain/bin/../lib/gcc/avr/4.9.2/avr5\libgcc.a(_copy_data.o)
 .text.libgcc.div
                0x00000000        0x0 e:/prog_files/atmel/studio/7.0/toolchain/avr8/avr8-gnu-toolchain/bin/../lib/gcc/avr/4.9.2/avr5\libgcc.a(_copy_data.o)
 .text.libgcc   0x00000000        0x0 e:/prog_files/atmel/studio/7.0/toolchain/avr8/avr8-gnu-toolchain/bin/../lib/gcc/avr/4.9.2/avr5\libgcc.a(_copy_data.o)
 .text.libgcc.prologue
                0x00000000        0x0 e:/prog_files/atmel/studio/7.0/toolchain/avr8/avr8-gnu-toolchain/bin/../lib/gcc/avr/4.9.2/avr5\libgcc.a(_copy_data.o)
 .text.libgcc.builtins
                0x00000000        0x0 e:/prog_files/atmel/studio/7.0/toolchain/avr8/avr8-gnu-toolchain/bin/../lib/gcc/avr/4.9.2/avr5\libgcc.a(_copy_data.o)
 .text.libgcc.fmul
                0x00000000        0x0 e:/prog_files/atmel/studio/7.0/toolchain/avr8/avr8-gnu-toolchain/bin/../lib/gcc/avr/4.9.2/avr5\libgcc.a(_copy_data.o)
 .text.libgcc.fixed
                0x00000000        0x0 e:/prog_files/atmel/studio/7.0/toolchain/avr8/avr8-gnu-toolchain/bin/../lib/gcc/avr/4.9.2/avr5\libgcc.a(_copy_data.o)
 .text          0x00000000        0x0 e:/prog_files/atmel/studio/7.0/toolchain/avr8/avr8-gnu-toolchain/bin/../lib/gcc/avr/4.9.2/avr5\libgcc.a(_clear_bss.o)
 .data          0x00000000        0x0 e:/prog_files/atmel/studio/7.0/toolchain/avr8/avr8-gnu-toolchain/bin/../lib/gcc/avr/4.9.2/avr5\libgcc.a(_clear_bss.o)
 .bss           0x00000000        0x0 e:/prog_files/atmel/studio/7.0/toolchain/avr8/avr8-gnu-toolchain/bin/../lib/gcc/avr/4.9.2/avr5\libgcc.a(_clear_bss.o)
 .text.libgcc.mul
                0x00000000        0x0 e:/prog_files/atmel/studio/7.0/toolchain/avr8/avr8-gnu-toolchain/bin/../lib/gcc/avr/4.9.2/avr5\libgcc.a(_clear_bss.o)
 .text.libgcc.div
                0x00000000        0x0 e:/prog_files/atmel/studio/7.0/toolchain/avr8/avr8-gnu-toolchain/bin/../lib/gcc/avr/4.9.2/avr5\libgcc.a(_clear_bss.o)
 .text.libgcc   0x00000000        0x0 e:/prog_files/atmel/studio/7.0/toolchain/avr8/avr8-gnu-toolchain/bin/../lib/gcc/avr/4.9.2/avr5\libgcc.a(_clear_bss.o)
 .text.libgcc.prologue
                0x00000000        0x0 e:/prog_files/atmel/studio/7.0/toolchain/avr8/avr8-gnu-toolchain/bin/../lib/gcc/avr/4.9.2/avr5\libgcc.a(_clear_bss.o)
 .text.libgcc.builtins
                0x00000000        0x0 e:/prog_files/atmel/studio/7.0/toolchain/avr8/avr8-gnu-toolchain/bin/../lib/gcc/avr/4.9.2/avr5\libgcc.a(_clear_bss.o)
 .text.libgcc.fmul
                0x00000000        0x0 e:/prog_files/atmel/studio/7.0/toolchain/avr8/avr8-gnu-toolchain/bin/../lib/gcc/avr/4.9.2/avr5\libgcc.a(_clear_bss.o)
 .text.libgcc.fixed
                0x00000000        0x0 e:/prog_files/atmel/studio/7.0/toolchain/avr8/avr8-gnu-toolchain/bin/../lib/gcc/avr/4.9.2/avr5\libgcc.a(_clear_bss.o)
 .text          0x00000000        0x0 e:/prog_files/atmel/studio/7.0/toolchain/avr8/avr8-gnu-toolchain/bin/../lib/gcc/avr/4.9.2/../../../../avr/lib/avr5\libc.a(sprintf.o)
 .data          0x00000000        0x0 e:/prog_files/atmel/studio/7.0/toolchain/avr8/avr8-gnu-toolchain/bin/../lib/gcc/avr/4.9.2/../../../../avr/lib/avr5\libc.a(sprintf.o)
 .bss           0x00000000        0x0 e:/prog_files/atmel/studio/7.0/toolchain/avr8/avr8-gnu-toolchain/bin/../lib/gcc/avr/4.9.2/../../../../avr/lib/avr5\libc.a(sprintf.o)
 .text          0x00000000        0x0 e:/prog_files/atmel/studio/7.0/toolchain/avr8/avr8-gnu-toolchain/bin/../lib/gcc/avr/4.9.2/../../../../avr/lib/avr5\libc.a(vfprintf_std.o)
 .data          0x00000000        0x0 e:/prog_files/atmel/studio/7.0/toolchain/avr8/avr8-gnu-toolchain/bin/../lib/gcc/avr/4.9.2/../../../../avr/lib/avr5\libc.a(vfprintf_std.o)
 .bss           0x00000000        0x0 e:/prog_files/atmel/studio/7.0/toolchain/avr8/avr8-gnu-toolchain/bin/../lib/gcc/avr/4.9.2/../../../../avr/lib/avr5\libc.a(vfprintf_std.o)
 .text          0x00000000        0x0 e:/prog_files/atmel/studio/7.0/toolchain/avr8/avr8-gnu-toolchain/bin/../lib/gcc/avr/4.9.2/../../../../avr/lib/avr5\libc.a(strnlen_P.o)
 .data          0x00000000        0x0 e:/prog_files/atmel/studio/7.0/toolchain/avr8/avr8-gnu-toolchain/bin/../lib/gcc/avr/4.9.2/../../../../avr/lib/avr5\libc.a(strnlen_P.o)
 .bss           0x00000000        0x0 e:/prog_files/atmel/studio/7.0/toolchain/avr8/avr8-gnu-toolchain/bin/../lib/gcc/avr/4.9.2/../../../../avr/lib/avr5\libc.a(strnlen_P.o)
 .text          0x00000000        0x0 e:/prog_files/atmel/studio/7.0/toolchain/avr8/avr8-gnu-toolchain/bin/../lib/gcc/avr/4.9.2/../../../../avr/lib/avr5\libc.a(strnlen.o)
 .data          0x00000000        0x0 e:/prog_files/atmel/studio/7.0/toolchain/avr8/avr8-gnu-toolchain/bin/../lib/gcc/avr/4.9.2/../../../../avr/lib/avr5\libc.a(strnlen.o)
 .bss           0x00000000        0x0 e:/prog_files/atmel/studio/7.0/toolchain/avr8/avr8-gnu-toolchain/bin/../lib/gcc/avr/4.9.2/../../../../avr/lib/avr5\libc.a(strnlen.o)
 .text          0x00000000        0x0 e:/prog_files/atmel/studio/7.0/toolchain/avr8/avr8-gnu-toolchain/bin/../lib/gcc/avr/4.9.2/../../../../avr/lib/avr5\libc.a(fputc.o)
 .data          0x00000000        0x0 e:/prog_files/atmel/studio/7.0/toolchain/avr8/avr8-gnu-toolchain/bin/../lib/gcc/avr/4.9.2/../../../../avr/lib/avr5\libc.a(fputc.o)
 .bss           0x00000000        0x0 e:/prog_files/atmel/studio/7.0/toolchain/avr8/avr8-gnu-toolchain/bin/../lib/gcc/avr/4.9.2/../../../../avr/lib/avr5\libc.a(fputc.o)
 .text          0x00000000        0x0 e:/prog_files/atmel/studio/7.0/toolchain/avr8/avr8-gnu-toolchain/bin/../lib/gcc/avr/4.9.2/../../../../avr/lib/avr5\libc.a(ultoa_invert.o)
 .data          0x00000000        0x0 e:/prog_files/atmel/studio/7.0/toolchain/avr8/avr8-gnu-toolchain/bin/../lib/gcc/avr/4.9.2/../../../../avr/lib/avr5\libc.a(ultoa_invert.o)
 .bss           0x00000000        0x0 e:/prog_files/atmel/studio/7.0/toolchain/avr8/avr8-gnu-toolchain/bin/../lib/gcc/avr/4.9.2/../../../../avr/lib/avr5\libc.a(ultoa_invert.o)
 .text          0x00000000        0x0 e:/prog_files/atmel/studio/7.0/toolchain/avr8/avr8-gnu-toolchain/bin/../lib/gcc/avr/4.9.2/avr5\libgcc.a(_prologue.o)
 .data          0x00000000        0x0 e:/prog_files/atmel/studio/7.0/toolchain/avr8/avr8-gnu-toolchain/bin/../lib/gcc/avr/4.9.2/avr5\libgcc.a(_prologue.o)
 .bss           0x00000000        0x0 e:/prog_files/atmel/studio/7.0/toolchain/avr8/avr8-gnu-toolchain/bin/../lib/gcc/avr/4.9.2/avr5\libgcc.a(_prologue.o)
 .text.libgcc.mul
                0x00000000        0x0 e:/prog_files/atmel/studio/7.0/toolchain/avr8/avr8-gnu-toolchain/bin/../lib/gcc/avr/4.9.2/avr5\libgcc.a(_prologue.o)
 .text.libgcc.div
                0x00000000        0x0 e:/prog_files/atmel/studio/7.0/toolchain/avr8/avr8-gnu-toolchain/bin/../lib/gcc/avr/4.9.2/avr5\libgcc.a(_prologue.o)
 .text.libgcc   0x00000000        0x0 e:/prog_files/atmel/studio/7.0/toolchain/avr8/avr8-gnu-toolchain/bin/../lib/gcc/avr/4.9.2/avr5\libgcc.a(_prologue.o)
 .text.libgcc.builtins
                0x00000000        0x0 e:/prog_files/atmel/studio/7.0/toolchain/avr8/avr8-gnu-toolchain/bin/../lib/gcc/avr/4.9.2/avr5\libgcc.a(_prologue.o)
 .text.libgcc.fmul
                0x00000000        0x0 e:/prog_files/atmel/studio/7.0/toolchain/avr8/avr8-gnu-toolchain/bin/../lib/gcc/avr/4.9.2/avr5\libgcc.a(_prologue.o)
 .text.libgcc.fixed
                0x00000000        0x0 e:/prog_files/atmel/studio/7.0/toolchain/avr8/avr8-gnu-toolchain/bin/../lib/gcc/avr/4.9.2/avr5\libgcc.a(_prologue.o)
 .text          0x00000000        0x0 e:/prog_files/atmel/studio/7.0/toolchain/avr8/avr8-gnu-toolchain/bin/../lib/gcc/avr/4.9.2/avr5\libgcc.a(_epilogue.o)
 .data          0x00000000        0x0 e:/prog_files/atmel/studio/7.0/toolchain/avr8/avr8-gnu-toolchain/bin/../lib/gcc/avr/4.9.2/avr5\libgcc.a(_epilogue.o)
 .bss           0x00000000        0x0 e:/prog_files/atmel/studio/7.0/toolchain/avr8/avr8-gnu-toolchain/bin/../lib/gcc/avr/4.9.2/avr5\libgcc.a(_epilogue.o)
 .text.libgcc.mul
                0x00000000        0x0 e:/prog_files/atmel/studio/7.0/toolchain/avr8/avr8-gnu-toolchain/bin/../lib/gcc/avr/4.9.2/avr5\libgcc.a(_epilogue.o)
 .text.libgcc.div
                0x00000000        0x0 e:/prog_files/atmel/studio/7.0/toolchain/avr8/avr8-gnu-toolchain/bin/../lib/gcc/avr/4.9.2/avr5\libgcc.a(_epilogue.o)
 .text.libgcc   0x00000000        0x0 e:/prog_files/atmel/studio/7.0/toolchain/avr8/avr8-gnu-toolchain/bin/../lib/gcc/avr/4.9.2/avr5\libgcc.a(_epilogue.o)
 .text.libgcc.builtins
                0x00000000        0x0 e:/prog_files/atmel/studio/7.0/toolchain/avr8/avr8-gnu-toolchain/bin/../lib/gcc/avr/4.9.2/avr5\libgcc.a(_epilogue.o)
 .text.libgcc.fmul
                0x00000000        0x0 e:/prog_files/atmel/studio/7.0/toolchain/avr8/avr8-gnu-toolchain/bin/../lib/gcc/avr/4.9.2/avr5\libgcc.a(_epilogue.o)
 .text.libgcc.fixed
                0x00000000        0x0 e:/prog_files/atmel/studio/7.0/toolchain/avr8/avr8-gnu-toolchain/bin/../lib/gcc/avr/4.9.2/avr5\libgcc.a(_epilogue.o)

Memory Configuration

Name             Origin             Length             Attributes
text             0x00000000         0x00020000         xr
data             0x00800060         0x0000ffa0         rw !x
eeprom           0x00810000         0x00010000         rw !x
fuse             0x00820000         0x00000400         rw !x
lock             0x00830000         0x00000400         rw !x
signature        0x00840000         0x00000400         rw !x
user_signatures  0x00850000         0x00000400         rw !x
*default*        0x00000000         0xffffffff

Linker script and memory map

LOAD E:/Prog_Files/Atmel/Studio/7.0/Packs/atmel/ATmega_DFP/1.0.90/gcc/dev/atmega32/avr5/crtatmega32.o
LOAD gpio.o
LOAD led.o
LOAD main.o
LOAD pushButton.o
LOAD sevenSeg.o
LOAD softwareDelay.o
LOAD SPI.o
LOAD timers.o
LOAD UART.o
START GROUP
LOAD e:/prog_files/atmel/studio/7.0/toolchain/avr8/avr8-gnu-toolchain/bin/../lib/gcc/avr/4.9.2/../../../../avr/lib/avr5\libm.a
END GROUP
START GROUP
LOAD e:/prog_files/atmel/studio/7.0/toolchain/avr8/avr8-gnu-toolchain/bin/../lib/gcc/avr/4.9.2/avr5\libgcc.a
LOAD e:/prog_files/atmel/studio/7.0/toolchain/avr8/avr8-gnu-toolchain/bin/../lib/gcc/avr/4.9.2/../../../../avr/lib/avr5\libm.a
LOAD e:/prog_files/atmel/studio/7.0/toolchain/avr8/avr8-gnu-toolchain/bin/../lib/gcc/avr/4.9.2/../../../../avr/lib/avr5\libc.a
LOAD E:/Prog_Files/Atmel/Studio/7.0/Packs/atmel/ATmega_DFP/1.0.90/gcc/dev/atmega32/avr5\libatmega32.a
END GROUP

.hash
 *(.hash)

.dynsym
 *(.dynsym)

.dynstr
 *(.dynstr)

.gnu.version
 *(.gnu.version)

.gnu.version_d
 *(.gnu.version_d)

.gnu.version_r
 *(.gnu.version_r)

.rel.init
 *(.rel.init)

.rela.init
 *(.rela.init)

.rel.text
 *(.rel.text)
 *(.rel.text.*)
 *(.rel.gnu.linkonce.t*)

.rela.text
 *(.rela.text)
 *(.rela.text.*)
 *(.rela.gnu.linkonce.t*)

.rel.fini
 *(.rel.fini)

.rela.fini
 *(.rela.fini)

.rel.rodata
 *(.rel.rodata)
 *(.rel.rodata.*)
 *(.rel.gnu.linkonce.r*)

.rela.rodata
 *(.rela.rodata)
 *(.rela.rodata.*)
 *(.rela.gnu.linkonce.r*)

.rel.data
 *(.rel.data)
 *(.rel.data.*)
 *(.rel.gnu.linkonce.d*)

.rela.data
 *(.rela.data)
 *(.rela.data.*)
 *(.rela.gnu.linkonce.d*)

.rel.ctors
 *(.rel.ctors)

.rela.ctors
 *(.rela.ctors)

.rel.dtors
 *(.rel.dtors)

.rela.dtors
 *(.rela.dtors)

.rel.got
 *(.rel.got)

.rela.got
 *(.rela.got)

.rel.bss
 *(.rel.bss)

.rela.bss
 *(.rela.bss)

.rel.plt
 *(.rel.plt)

.rela.plt
 *(.rela.plt)

.text           0x00000000      0xcb0
 *(.vectors)
 .vectors       0x00000000       0x54 E:/Prog_Files/Atmel/Studio/7.0/Packs/atmel/ATmega_DFP/1.0.90/gcc/dev/atmega32/avr5/crtatmega32.o
                0x00000000                __vector_default
                0x00000000                __vectors
 *(.vectors)
 *(.progmem.gcc*)
                0x00000054                . = ALIGN (0x2)
                0x00000054                __trampolines_start = .
 *(.trampolines)
 .trampolines   0x00000054        0x0 linker stubs
 *(.trampolines*)
                0x00000054                __trampolines_end = .
 *(.progmem*)
                0x00000054                . = ALIGN (0x2)
 *(.jumptables)
 *(.jumptables*)
 *(.lowtext)
 *(.lowtext*)
                0x00000054                __ctors_start = .
 *(.ctors)
                0x00000054                __ctors_end = .
                0x00000054                __dtors_start = .
 *(.dtors)
                0x00000054                __dtors_end = .
 SORT(*)(.ctors)
 SORT(*)(.dtors)
 *(.init0)
 .init0         0x00000054        0x0 E:/Prog_Files/Atmel/Studio/7.0/Packs/atmel/ATmega_DFP/1.0.90/gcc/dev/atmega32/avr5/crtatmega32.o
                0x00000054                __init
 *(.init0)
 *(.init1)
 *(.init1)
 *(.init2)
 .init2         0x00000054        0xc E:/Prog_Files/Atmel/Studio/7.0/Packs/atmel/ATmega_DFP/1.0.90/gcc/dev/atmega32/avr5/crtatmega32.o
 *(.init2)
 *(.init3)
 *(.init3)
 *(.init4)
 .init4         0x00000060       0x16 e:/prog_files/atmel/studio/7.0/toolchain/avr8/avr8-gnu-toolchain/bin/../lib/gcc/avr/4.9.2/avr5\libgcc.a(_copy_data.o)
                0x00000060                __do_copy_data
 .init4         0x00000076       0x10 e:/prog_files/atmel/studio/7.0/toolchain/avr8/avr8-gnu-toolchain/bin/../lib/gcc/avr/4.9.2/avr5\libgcc.a(_clear_bss.o)
                0x00000076                __do_clear_bss
 *(.init4)
 *(.init5)
 *(.init5)
 *(.init6)
 *(.init6)
 *(.init7)
 *(.init7)
 *(.init8)
 *(.init8)
 *(.init9)
 .init9         0x00000086        0x8 E:/Prog_Files/Atmel/Studio/7.0/Packs/atmel/ATmega_DFP/1.0.90/gcc/dev/atmega32/avr5/crtatmega32.o
 *(.init9)
 *(.text)
 .text          0x0000008e        0x4 E:/Prog_Files/Atmel/Studio/7.0/Packs/atmel/ATmega_DFP/1.0.90/gcc/dev/atmega32/avr5/crtatmega32.o
                0x0000008e                __vector_1
                0x0000008e                __bad_interrupt
                0x0000008e                __vector_6
                0x0000008e                __vector_3
                0x0000008e                __vector_11
                0x0000008e                __vector_13
                0x0000008e                __vector_17
                0x0000008e                __vector_19
                0x0000008e                __vector_7
                0x0000008e                __vector_5
                0x0000008e                __vector_4
                0x0000008e                __vector_2
                0x0000008e                __vector_15
                0x0000008e                __vector_8
                0x0000008e                __vector_14
                0x0000008e                __vector_10
                0x0000008e                __vector_16
                0x0000008e                __vector_18
                0x0000008e                __vector_20
                0x00000092                . = ALIGN (0x2)
 *(.text.*)
 .text.gpioPinDirection
                0x00000092       0x70 gpio.o
                0x00000092                gpioPinDirection
 .text.gpioPinToggle
                0x00000102       0x30 gpio.o
                0x00000102                gpioPinToggle
 .text.gpioPinRead
                0x00000132       0x2c gpio.o
                0x00000132                gpioPinRead
 .text.main     0x0000015e      0x154 main.o
                0x0000015e                main
 .text.__vector_9
                0x000002b2       0xf0 main.o
                0x000002b2                __vector_9
 .text.__vector_12
                0x000003a2       0x20 main.o
                0x000003a2                __vector_12
 .text.pushButtonInit
                0x000003c2       0x40 pushButton.o
                0x000003c2                pushButtonInit
 .text.pushButtonGetStatus
                0x00000402       0x8c pushButton.o
                0x00000402                pushButtonGetStatus
 .text.softwareDelayMs
                0x0000048e       0x46 softwareDelay.o
                0x0000048e                softwareDelayMs
 .text.SPI_Init
                0x000004d4       0x80 SPI.o
                0x000004d4                SPI_Init
 .text.timer1Init
                0x00000554       0x4a timers.o
                0x00000554                timer1Init
 .text.timer1Set
                0x0000059e        0x6 timers.o
                0x0000059e                timer1Set
 .text.timer1Start
                0x000005a4       0x10 timers.o
                0x000005a4                timer1Start
 .text.timer1Stop
                0x000005b4        0x6 timers.o
                0x000005b4                timer1Stop
 .text.UART_Init
                0x000005ba       0xd8 UART.o
                0x000005ba                UART_Init
 .text.UART_Write
                0x00000692        0x8 UART.o
                0x00000692                UART_Write
 .text.UART_Write_String
                0x0000069a       0x1e UART.o
                0x0000069a                UART_Write_String
 .text.libgcc.div
                0x000006b8       0x44 e:/prog_files/atmel/studio/7.0/toolchain/avr8/avr8-gnu-toolchain/bin/../lib/gcc/avr/4.9.2/avr5\libgcc.a(_udivmodsi4.o)
                0x000006b8                __udivmodsi4
 .text.avr-libc
                0x000006fc       0x46 e:/prog_files/atmel/studio/7.0/toolchain/avr8/avr8-gnu-toolchain/bin/../lib/gcc/avr/4.9.2/../../../../avr/lib/avr5\libc.a(sprintf.o)
                0x000006fc                sprintf
 .text.avr-libc
                0x00000742      0x3a4 e:/prog_files/atmel/studio/7.0/toolchain/avr8/avr8-gnu-toolchain/bin/../lib/gcc/avr/4.9.2/../../../../avr/lib/avr5\libc.a(vfprintf_std.o)
                0x00000742                vfprintf
 .text.avr-libc
                0x00000ae6       0x16 e:/prog_files/atmel/studio/7.0/toolchain/avr8/avr8-gnu-toolchain/bin/../lib/gcc/avr/4.9.2/../../../../avr/lib/avr5\libc.a(strnlen_P.o)
                0x00000ae6                strnlen_P
 .text.avr-libc
                0x00000afc       0x16 e:/prog_files/atmel/studio/7.0/toolchain/avr8/avr8-gnu-toolchain/bin/../lib/gcc/avr/4.9.2/../../../../avr/lib/avr5\libc.a(strnlen.o)
                0x00000afc                strnlen
 .text.avr-libc
                0x00000b12       0x70 e:/prog_files/atmel/studio/7.0/toolchain/avr8/avr8-gnu-toolchain/bin/../lib/gcc/avr/4.9.2/../../../../avr/lib/avr5\libc.a(fputc.o)
                0x00000b12                fputc
 .text.avr-libc
                0x00000b82       0xbc e:/prog_files/atmel/studio/7.0/toolchain/avr8/avr8-gnu-toolchain/bin/../lib/gcc/avr/4.9.2/../../../../avr/lib/avr5\libc.a(ultoa_invert.o)
                0x00000b82                __ultoa_invert
 .text.libgcc.prologue
                0x00000c3e       0x38 e:/prog_files/atmel/studio/7.0/toolchain/avr8/avr8-gnu-toolchain/bin/../lib/gcc/avr/4.9.2/avr5\libgcc.a(_prologue.o)
                0x00000c3e                __prologue_saves__
 .text.libgcc.prologue
                0x00000c76       0x36 e:/prog_files/atmel/studio/7.0/toolchain/avr8/avr8-gnu-toolchain/bin/../lib/gcc/avr/4.9.2/avr5\libgcc.a(_epilogue.o)
                0x00000c76                __epilogue_restores__
                0x00000cac                . = ALIGN (0x2)
 *(.fini9)
 .fini9         0x00000cac        0x0 e:/prog_files/atmel/studio/7.0/toolchain/avr8/avr8-gnu-toolchain/bin/../lib/gcc/avr/4.9.2/avr5\libgcc.a(_exit.o)
                0x00000cac                _exit
                0x00000cac                exit
 *(.fini9)
 *(.fini8)
 *(.fini8)
 *(.fini7)
 *(.fini7)
 *(.fini6)
 *(.fini6)
 *(.fini5)
 *(.fini5)
 *(.fini4)
 *(.fini4)
 *(.fini3)
 *(.fini3)
 *(.fini2)
 *(.fini2)
 *(.fini1)
 *(.fini1)
 *(.fini0)
 .fini0         0x00000cac        0x4 e:/prog_files/atmel/studio/7.0/toolchain/avr8/avr8-gnu-toolchain/bin/../lib/gcc/avr/4.9.2/avr5\libgcc.a(_exit.o)
 *(.fini0)
                0x00000cb0                _etext = .

.data           0x00800060       0x78 load address 0x00000cb0
                0x00800060                PROVIDE (__data_start, .)
 *(.data)
 *(.data*)
 .data.sys_state
                0x00800060        0x1 main.o
 .data.g_timeBase
                0x00800061        0x1 main.o
 *(.rodata)
 *(.rodata*)
 .rodata.str1.1
                0x00800062       0x75 main.o
 *(.gnu.linkonce.d*)
                0x008000d8                . = ALIGN (0x2)
 *fill*         0x008000d7        0x1 
                0x008000d8                _edata = .
                0x008000d8                PROVIDE (__data_end, .)

.bss            0x008000d8       0x39
                0x008000d8                PROVIDE (__bss_start, .)
 *(.bss)
 *(.bss*)
 .bss.g_speed   0x008000d8        0x1 main.o
 .bss.g_time    0x008000d9        0x2 main.o
 .bss.g_distance
                0x008000db        0x2 main.o
 .bss.g_TMR1_C  0x008000dd        0x1 main.o
 .bss.g_buffer  0x008000de       0x32 main.o
 .bss.gen_TMR1PS
                0x00800110        0x1 timers.o
 *(COMMON)
                0x00800111                PROVIDE (__bss_end, .)
                0x00000cb0                __data_load_start = LOADADDR (.data)
                0x00000d28                __data_load_end = (__data_load_start + SIZEOF (.data))

.noinit         0x00800111        0x0
                0x00800111                PROVIDE (__noinit_start, .)
 *(.noinit*)
                0x00800111                PROVIDE (__noinit_end, .)
                0x00800111                _end = .
                0x00800111                PROVIDE (__heap_start, .)

.eeprom         0x00810000        0x0
 *(.eeprom*)
                0x00810000                __eeprom_end = .

.fuse
 *(.fuse)
 *(.lfuse)
 *(.hfuse)
 *(.efuse)

.lock
 *(.lock*)

.signature
 *(.signature*)

.user_signatures
 *(.user_signatures*)

.stab
 *(.stab)

.stabstr
 *(.stabstr)

.stab.excl
 *(.stab.excl)

.stab.exclstr
 *(.stab.exclstr)

.stab.index
 *(.stab.index)

.stab.indexstr
 *(.stab.indexstr)

.comment        0x00000000       0x5c
 *(.comment)
 .comment       0x00000000       0x30 gpio.o
                                 0x31 (size before relaxing)
 .comment       0x00000030       0x31 main.o
 .comment       0x00000030       0x31 pushButton.o
 .comment       0x00000030       0x31 softwareDelay.o
 .comment       0x00000030       0x31 SPI.o
 .comment       0x00000030       0x31 timers.o
 .comment       0x00000030       0x31 UART.o
 .comment       0x00000030       0x31 e:/prog_files/atmel/studio/7.0/toolchain/avr8/avr8-gnu-toolchain/bin/../lib/gcc/avr/4.9.2/../../../../avr/lib/avr5\libc.a(sprintf.o)
 .comment       0x00000030       0x2c e:/prog_files/atmel/studio/7.0/toolchain/avr8/avr8-gnu-toolchain/bin/../lib/gcc/avr/4.9.2/../../../../avr/lib/avr5\libc.a(vfprintf_std.o)
                                 0x2d (size before relaxing)
 .comment       0x0000005c       0x31 e:/prog_files/atmel/studio/7.0/toolchain/avr8/avr8-gnu-toolchain/bin/../lib/gcc/avr/4.9.2/../../../../avr/lib/avr5\libc.a(fputc.o)

.note.gnu.avr.deviceinfo
                0x00000000       0x3c
 .note.gnu.avr.deviceinfo
                0x00000000       0x3c E:/Prog_Files/Atmel/Studio/7.0/Packs/atmel/ATmega_DFP/1.0.90/gcc/dev/atmega32/avr5/crtatmega32.o

.note.gnu.build-id
 *(.note.gnu.build-id)

.debug
 *(.debug)

.line
 *(.line)

.debug_srcinfo
 *(.debug_srcinfo)

.debug_sfnames
 *(.debug_sfnames)

.debug_aranges  0x00000000      0x210
 *(.debug_aranges)
 .debug_aranges
                0x00000000       0x58 gpio.o
 .debug_aranges
                0x00000058       0x30 main.o
 .debug_aranges
                0x00000088       0x28 pushButton.o
 .debug_aranges
                0x000000b0       0x20 softwareDelay.o
 .debug_aranges
                0x000000d0       0x28 SPI.o
 .debug_aranges
                0x000000f8       0xe8 timers.o
 .debug_aranges
                0x000001e0       0x30 UART.o

.debug_pubnames
 *(.debug_pubnames)

.debug_info     0x00000000     0x21fa
 *(.debug_info .gnu.linkonce.wi.*)
 .debug_info    0x00000000      0x264 gpio.o
 .debug_info    0x00000264      0x856 main.o
 .debug_info    0x00000aba      0x30d pushButton.o
 .debug_info    0x00000dc7       0xc3 softwareDelay.o
 .debug_info    0x00000e8a      0x30e SPI.o
 .debug_info    0x00001198      0xd65 timers.o
 .debug_info    0x00001efd      0x2fd UART.o

.debug_abbrev   0x00000000      0x7a1
 *(.debug_abbrev)
 .debug_abbrev  0x00000000       0xcd gpio.o
 .debug_abbrev  0x000000cd      0x17c main.o
 .debug_abbrev  0x00000249       0xf6 pushButton.o
 .debug_abbrev  0x0000033f       0x7e softwareDelay.o
 .debug_abbrev  0x000003bd       0xf6 SPI.o
 .debug_abbrev  0x000004b3      0x1de timers.o
 .debug_abbrev  0x00000691      0x110 UART.o

.debug_line     0x00000000      0x6ed
 *(.debug_line .debug_line.* .debug_line_end)
 .debug_line    0x00000000      0x117 gpio.o
 .debug_line    0x00000117      0x140 main.o
 .debug_line    0x00000257       0xa2 pushButton.o
 .debug_line    0x000002f9       0x67 softwareDelay.o
 .debug_line    0x00000360       0x7c SPI.o
 .debug_line    0x000003dc      0x28c timers.o
 .debug_line    0x00000668       0x85 UART.o

.debug_frame    0x00000000      0x5f0
 *(.debug_frame)
 .debug_frame   0x00000000       0x94 gpio.o
 .debug_frame   0x00000094       0xcc main.o
 .debug_frame   0x00000160       0x34 pushButton.o
 .debug_frame   0x00000194       0x30 softwareDelay.o
 .debug_frame   0x000001c4       0x50 SPI.o
 .debug_frame   0x00000214      0x36c timers.o
 .debug_frame   0x00000580       0x70 UART.o

.debug_str      0x00000000      0xe0f
 *(.debug_str)
 .debug_str     0x00000000      0x209 gpio.o
                                0x23d (size before relaxing)
 .debug_str     0x00000209      0x5fc main.o
                                0x779 (size before relaxing)
 .debug_str     0x00000805       0x28 pushButton.o
                                0x279 (size before relaxing)
 .debug_str     0x0000082d       0x2b softwareDelay.o
                                0x1ab (size before relaxing)
 .debug_str     0x00000858       0x59 SPI.o
                                0x329 (size before relaxing)
 .debug_str     0x000008b1      0x531 timers.o
                                0x8f0 (size before relaxing)
 .debug_str     0x00000de2       0x2d UART.o
                                0x39b (size before relaxing)

.debug_loc      0x00000000     0x187d
 *(.debug_loc)
 .debug_loc     0x00000000      0x6f4 gpio.o
 .debug_loc     0x000006f4      0x1dd main.o
 .debug_loc     0x000008d1      0x110 pushButton.o
 .debug_loc     0x000009e1       0x8f softwareDelay.o
 .debug_loc     0x00000a70      0x153 SPI.o
 .debug_loc     0x00000bc3      0xb05 timers.o
 .debug_loc     0x000016c8      0x1b5 UART.o

.debug_macinfo
 *(.debug_macinfo)

.debug_weaknames
 *(.debug_weaknames)

.debug_funcnames
 *(.debug_funcnames)

.debug_typenames
 *(.debug_typenames)

.debug_varnames
 *(.debug_varnames)

.debug_pubtypes
 *(.debug_pubtypes)

.debug_ranges   0x00000000      0x1a0
 *(.debug_ranges)
 .debug_ranges  0x00000000       0x48 gpio.o
 .debug_ranges  0x00000048       0x20 main.o
 .debug_ranges  0x00000068       0x18 pushButton.o
 .debug_ranges  0x00000080       0x10 softwareDelay.o
 .debug_ranges  0x00000090       0x18 SPI.o
 .debug_ranges  0x000000a8       0xd8 timers.o
 .debug_ranges  0x00000180       0x20 UART.o

.debug_macro
 *(.debug_macro)
OUTPUT(VSE_ECU2.elf elf32-avr)
LOAD linker stubs
